\BOOKMARK [1][-]{section.1}{\376\377\000N\000h\036\255\000t\000\040\000k\000\375\000\040\000c\000\364\000n\000g\000\040\000v\000i\036\307\000c}{}% 1
\BOOKMARK [2][-]{subsection.1.1}{\376\377\000T\000u\036\247\000n\000\040\0001}{section.1}% 2
\BOOKMARK [2][-]{subsection.1.2}{\376\377\000T\000u\036\247\000n\000\040\0002}{section.1}% 3
\BOOKMARK [2][-]{subsection.1.3}{\376\377\000T\000u\036\247\000n\000\040\0003}{section.1}% 4
\BOOKMARK [2][-]{subsection.1.4}{\376\377\000T\000u\036\247\000n\000\040\0004}{section.1}% 5
\BOOKMARK [2][-]{subsection.1.5}{\376\377\000T\000u\036\247\000n\000\040\0005}{section.1}% 6
\BOOKMARK [2][-]{subsection.1.6}{\376\377\000T\000u\036\247\000n\000\040\0006}{section.1}% 7
\BOOKMARK [2][-]{subsection.1.7}{\376\377\000T\000u\036\247\000n\000\040\0007}{section.1}% 8
\BOOKMARK [2][-]{subsection.1.8}{\376\377\000T\000u\036\247\000n\000\040\0008}{section.1}% 9
\BOOKMARK [1][-]{section.2}{\376\377\001\020\036\301\000\040\000x\000u\036\245\000t}{}% 10
\BOOKMARK [1][-]{section.3}{\376\377\000C\000\341\000c\000\040\000b\000\340\000i\000\040\000v\000i\036\277\000t\000\040\001\021\000\343\000\040\001\021\001\003\000n\000g}{}% 11
\BOOKMARK [2][-]{subsection.3.1}{\376\377\000B\000\340\000i\000\040\000v\000i\036\277\000t\000\040\0001}{section.3}% 12
\BOOKMARK [2][-]{subsection.3.2}{\376\377\000B\000\340\000i\000\040\000v\000i\036\277\000t\000\040\0002}{section.3}% 13
\BOOKMARK [2][-]{subsection.3.3}{\376\377\000B\000\340\000i\000\040\000v\000i\036\277\000t\000\040\0003}{section.3}% 14
\BOOKMARK [2][-]{subsection.3.4}{\376\377\000B\000\340\000i\000\040\000v\000i\036\277\000t\000\040\0004}{section.3}% 15
\BOOKMARK [1][-]{section.4}{\376\377\000C\000\341\000c\000\040\000s\036\361\000\040\000k\000i\036\307\000n\000\040\001\021\000\343\000\040\000t\000h\000a\000m\000\040\000g\000i\000a}{}% 16
\BOOKMARK [2][-]{subsection.4.1}{\376\377\000S\036\361\000\040\000k\000i\036\307\000n\000\040\0001\000:\000\040\000N\000g\000\340\000y\000\040\000h\036\331\000i\000\040\000c\036\331\000n\000g\000\040\001\021\036\323\000n\000g\000\040\000F\000C\000A\000J\000\040\040\023\000\040\000t\000h\000\341\000n\000g\000\040\0006\000\040\000n\001\003\000m\000\040\0002\0000\0002\0006}{section.4}% 17
\BOOKMARK [2][-]{subsection.4.2}{\376\377\000S\036\361\000\040\000k\000i\036\307\000n\000\040\0002\000:\000\040\000K\000i\036\277\000n\000\040\000t\000r\000\372\000c\000\040\000C\000l\000o\000u\000d\000\040\000d\000o\000a\000n\000h\000\040\000n\000g\000h\000i\036\307\000p\000\040\000v\000\340\000\040\036\351\000n\000g\000\040\000d\036\345\000n\000g\000\040\000t\000r\000o\000n\000g\000\040\000t\000h\036\361\000c\000\040\000t\036\277}{section.4}% 18
\BOOKMARK [2][-]{subsection.4.3}{\376\377\000S\036\361\000\040\000k\000i\036\307\000n\000\040\0003\000:\000\040\000F\000C\000A\000J\000\040\000x\000\040\000A\000g\000e\000n\000t\000i\000c\000\040\000A\000I\000\040\000B\000u\000i\000l\000d\000\040\000W\000e\000e\000k\000\040\0002\0000\0002\0006}{section.4}% 19
\BOOKMARK [1][-]{section.5}{\376\377\000H\036\331\000i\000\040\000t\000h\036\243\000o\000\040\000t\000h\036\361\000c\000\040\000h\000\340\000n\000h}{}% 20
\BOOKMARK [2][-]{subsection.5.1}{\376\377\000T\036\325\000n\000g\000\040\000q\000u\000a\000n}{section.5}% 21
\BOOKMARK [2][-]{subsection.5.2}{\376\377\000K\000i\036\277\000n\000\040\000t\000r\000\372\000c}{section.5}% 22
\BOOKMARK [2][-]{subsection.5.3}{\376\377\001\020\000i\036\301\000u\000\040\000k\000i\036\307\000n\000\040\000t\000i\000\352\000n\000\040\000q\000u\000y\036\277\000t}{section.5}% 23
\BOOKMARK [2][-]{subsection.5.4}{\376\377\000C\000h\000u\036\251\000n\000\040\000b\036\313\000\040\000m\000\343\000\040\000n\000g\000u\036\323\000n}{section.5}% 24
\BOOKMARK [2][-]{subsection.5.5}{\376\377\000H\036\241\000\040\000t\036\247\000n\000g\000\040\000A\000W\000S}{section.5}% 25
\BOOKMARK [2][-]{subsection.5.6}{\376\377\000T\000r\000i\036\303\000n\000\040\000k\000h\000a\000i\000\040\000c\001\241\000\040\000s\036\337\000\040\000d\036\357\000\040\000l\000i\036\307\000u}{section.5}% 26
\BOOKMARK [2][-]{subsection.5.7}{\376\377\000T\000r\000i\036\303\000n\000\040\000k\000h\000a\000i\000\040\000b\000a\000c\000k\000e\000n\000d}{section.5}% 27
\BOOKMARK [2][-]{subsection.5.8}{\376\377\000T\000r\000i\036\303\000n\000\040\000k\000h\000a\000i\000\040\000f\000r\000o\000n\000t\000e\000n\000d}{section.5}% 28
\BOOKMARK [2][-]{subsection.5.9}{\376\377\000G\000i\000\341\000m\000\040\000s\000\341\000t\000\040\000v\000\340\000\040\000n\000h\036\255\000t\000\040\000k\000\375}{section.5}% 29
\BOOKMARK [2][-]{subsection.5.10}{\376\377\000K\000i\036\303\000m\000\040\000t\000h\036\355\000\040\001\021\036\247\000u\000\040\000c\000u\036\321\000i}{section.5}% 30
\BOOKMARK [2][-]{subsection.5.11}{\376\377\000B\036\243\000o\000\040\000m\036\255\000t\000\040\000v\000\340\000\040\000C\000h\000i\000\040\000p\000h\000\355}{section.5}% 31
\BOOKMARK [2][-]{subsection.5.12}{\376\377\000X\036\355\000\040\000l\000\375\000\040\000s\036\361\000\040\000c\036\321}{section.5}% 32
\BOOKMARK [2][-]{subsection.5.13}{\376\377\000D\036\315\000n\000\040\000d\036\271\000p\000\040\000t\000\340\000i\000\040\000n\000g\000u\000y\000\352\000n}{section.5}% 33
\BOOKMARK [1][-]{section.6}{\376\377\000T\036\361\000\040\001\021\000\341\000n\000h\000\040\000g\000i\000\341}{}% 34
\BOOKMARK [1][-]{section.7}{\376\377\000C\000h\000i\000a\000\040\000s\036\273\000,\000\040\001\021\000\363\000n\000g\000\040\000g\000\363\000p\000\040\000\375\000\040\000k\000i\036\277\000n}{}% 35
\BOOKMARK [1][-]{section.8}{\376\377\000T\036\325\000n\000g\000\040\000k\036\277\000t}{}% 36
